
> bek@0.1.0 build
> next build

Γû▓ Next.js 16.1.1 (Turbopack)
- Environments: .env.local

  Creating an optimized production build ...
Γ£ô Compiled successfully in 4.6s
  Running TypeScript ...
node.exe : Failed to compile.
At line:1 char:1
+ & "C:\Program Files\nodejs/node.exe"
 "C:\Program Files\nodejs/node_mo ...
+ ~~~~~~~~~~~~~~~~~~~~~~~~~~~~~~~~~~~~
~~~~~~~~~~~~~~~~~~~~~~~~~~~~~~~~~
    + CategoryInfo          : NotSpec 
   ified: (Failed to compile.:String  
  ) [], RemoteException
    + FullyQualifiedErrorId : NativeC 
   ommandError
 

./src/app/profile/[id]/page.tsx:261:13
8
Type error: Property 'gradient' does n
ot exist on type '{ icon: LucideIcon; 
color: string; }'.

[0m [90m 259 |[39m                 
                    [33m<[39m[33mdi
v[39m className[33m=[39m[32m"flex 
items-center gap-3 mb-3"[39m[33m>[3
9m
 [90m 260 |[39m                     
                    {categoryIcons[ser
vice[33m.[39mcategory_id] [33m&&[3
9m (
[31m[1m>[22m[39m[90m 261 |[39m  
                                      
     [33m<[39m[33mdiv[39m classNam
e[33m=[39m{[32m`w-10 h-10 rounded-x
l bg-gradient-to-br ${categoryIcons[se
rvice.category_id].gradient} flex item
s-center justify-center`[39m}[33m>[
39m
 [90m     |[39m                     
                                      
                                      
                                      
   [31m[1m^[22m[39m
 [90m 262 |[39m                     
                            {(() [33m
=>[39m {
 [90m 263 |[39m                     
                                [36mc
onst[39m [33mIcon[39m [33m=[39m c
ategoryIcons[service[33m.[39mcategor
y_id][33m.[39micon
 [90m 264 |[39m                     
                                [36mr
eturn[39m [33m<[39m[33mIcon[39m c
lassName[33m=[39m[32m"text-white"[
39m size[33m=[39m{[35m20[39m} [33
m/[39m[33m>[39m[0m
Next.js build worker exited with code:
 1 and signal: null
